// Jest Snapshot v1, https://goo.gl/fbAQLP

exports[`you should not change ! actionsType 1`] = `undefined`;
