// Jest Snapshot v1, https://goo.gl/fbAQLP

exports[`NavigatorContainer test  should render without crashing with Nav 1`] = `
<Connect(NavigatorContainer)
  store={
    Object {
      "clearActions": [Function],
      "dispatch": [Function],
      "getActions": [Function],
      "getState": [Function],
      "replaceReducer": [Function],
      "subscribe": [Function],
    }
  }
>
  <NavigatorContainer
    createNavButtonClick={[Function]}
    fetchingMoviewProcess={[Function]}
    store={
      Object {
        "clearActions": [Function],
        "dispatch": [Function],
        "getActions": [Function],
        "getState": [Function],
        "replaceReducer": [Function],
        "subscribe": [Function],
      }
    }
  >
    <Nav
      onClick={[Function]}
    >
      <div
        className="nav-bar"
      >
        <ul>
          <li
            onClick={[Function]}
          >
            Page 1
          </li>
          <li
            onClick={[Function]}
          >
            Page 2
          </li>
          <li
            onClick={[Function]}
          >
            Page 3
          </li>
        </ul>
      </div>
    </Nav>
  </NavigatorContainer>
</Connect(NavigatorContainer)>
`;
